// Jest Snapshot v1, https://goo.gl/fbAQLP

exports[`Atoms - H1 should render 1`] = `ShallowWrapper {}`;
